Archive member included because of file (symbol)

c:/program files (x86)/eclipsearm/sourcery-g++-lite-arm-2011.03/bin/../lib/gcc/arm-none-eabi/4.5.2\libgcc.a(_divsi3.o)
                              ./common/44blib.o (__aeabi_idiv)
c:/program files (x86)/eclipsearm/sourcery-g++-lite-arm-2011.03/bin/../lib/gcc/arm-none-eabi/4.5.2\libgcc.a(_dvmd_tls.o)
                              c:/program files (x86)/eclipsearm/sourcery-g++-lite-arm-2011.03/bin/../lib/gcc/arm-none-eabi/4.5.2\libgcc.a(_divsi3.o) (__aeabi_idiv0)
c:/program files (x86)/eclipsearm/sourcery-g++-lite-arm-2011.03/bin/../lib/gcc/arm-none-eabi/4.5.2/../../../../arm-none-eabi/lib\libc.a(lib_a-memset.o)
                              ./reversi8.o (memset)

Allocating common symbols
Common symbol       size              file

fileSize            0x4               ./common/44blib.o
downPt              0x4               ./common/44blib.o

Memory Configuration

Name             Origin             Length             Attributes
*default*        0x00000000         0xffffffff

Linker script and memory map

LOAD ./common/44binit.o
LOAD ./common/44blib.o
LOAD ./8led.o
LOAD ./button.o
LOAD ./led.o
LOAD ./main.o
LOAD ./patron_volteo_arm_arm.o
LOAD ./patron_volteo_arm_c.o
LOAD ./reversi8.o
LOAD ./timer.o
LOAD ./timer2.o
START GROUP
LOAD c:/program files (x86)/eclipsearm/sourcery-g++-lite-arm-2011.03/bin/../lib/gcc/arm-none-eabi/4.5.2\libgcc.a
LOAD c:/program files (x86)/eclipsearm/sourcery-g++-lite-arm-2011.03/bin/../lib/gcc/arm-none-eabi/4.5.2/../../../../arm-none-eabi/lib\libc.a
END GROUP
                0x0c000000                . = 0xc000000
                0x0c000000                Image_RO_Base = .

.text           0x0c000000     0x3134
 *(.text)
 .text          0x0c000000      0x70c ./common/44binit.o
 .text          0x0c00070c      0x2ec ./common/44blib.o
                0x0c00070c                Delay
                0x0c000788                DelayMs
                0x0c00078c                Port_Init
                0x0c000854                malloc
                0x0c000890                free
                0x0c0008a0                sys_init
 .text          0x0c0009f8       0x2c ./8led.o
                0x0c0009f8                D8Led_init
                0x0c000a08                D8Led_symbol
 .text          0x0c000a24      0x118 ./button.o
                0x0c000a24                Eint4567_ISR
                0x0c000ab8                Eint4567_init
 .text          0x0c000b3c      0x278 ./led.o
                0x0c000b3c                leds_on
                0x0c000b7c                leds_off
                0x0c000bb0                led1_on
                0x0c000bfc                led1_off
                0x0c000c40                led2_on
                0x0c000c9c                led2_off
                0x0c000cf4                leds_switch
                0x0c000d58                Led_Display
 .text          0x0c000db4       0x50 ./main.o
                0x0c000db4                Main
 .text          0x0c000e04       0x98 ./patron_volteo_arm_arm.o
                0x0c000e04                patron_volteo_arm_arm
 .text          0x0c000e9c       0x90 ./patron_volteo_arm_c.o
                0x0c000ea0                patron_volteo_arm_c
 .text          0x0c000f2c     0x1dcc ./reversi8.o
                0x0c000f2c                autoasignar
                0x0c0011ec                init_table
                0x0c0013fc                esperar_mov
                0x0c001434                ficha_valida
                0x0c00146c                patron_volteo
                0x0c001534                voltear
                0x0c00168c                actualizar_tablero
                0x0c0018fc                elegir_mov
                0x0c001af8                contar
                0x0c001cfc                actualizar_candidatas
                0x0c001e08                reversi8
                0x0c0021bc                matriscopy
                0x0c0023c0                comprobar_tableros
                0x0c002cd8                comprobar_patrones
 .text          0x0c002cf8       0x98 ./timer.o
                0x0c002cf8                timer_ISR
                0x0c002d24                timer_init
 .text          0x0c002d90      0x158 ./timer2.o
                0x0c002d90                timer2_ISR
                0x0c002dd0                timer2_inicializar
                0x0c002e38                timer2_empezar
                0x0c002e74                timer2_leer
                0x0c002ea4                timer2_parar
 .text          0x0c002ee8      0x148 c:/program files (x86)/eclipsearm/sourcery-g++-lite-arm-2011.03/bin/../lib/gcc/arm-none-eabi/4.5.2\libgcc.a(_divsi3.o)
                0x0c002ee8                __divsi3
                0x0c002ee8                __aeabi_idiv
                0x0c003010                __aeabi_idivmod
 .text          0x0c003030        0x4 c:/program files (x86)/eclipsearm/sourcery-g++-lite-arm-2011.03/bin/../lib/gcc/arm-none-eabi/4.5.2\libgcc.a(_dvmd_tls.o)
                0x0c003030                __aeabi_idiv0
                0x0c003030                __aeabi_ldiv0
 .text          0x0c003034      0x100 c:/program files (x86)/eclipsearm/sourcery-g++-lite-arm-2011.03/bin/../lib/gcc/arm-none-eabi/4.5.2/../../../../arm-none-eabi/lib\libc.a(lib_a-memset.o)
                0x0c003034                memset

.glue_7         0x0c003134        0x0
 .glue_7        0x00000000        0x0 linker stubs

.glue_7t        0x0c003134        0x0
 .glue_7t       0x00000000        0x0 linker stubs

.vfp11_veneer   0x0c003134        0x0
 .vfp11_veneer  0x00000000        0x0 linker stubs

.v4_bx          0x0c003134        0x0
 .v4_bx         0x00000000        0x0 linker stubs
                0x0c003134                . = ALIGN (0x4)
                0x0c003134                Image_RO_Limit = .
                0x0c003134                Image_RW_Base = .

.data           0x0c003134       0x14
 *(.data)
 .data          0x0c003134        0x6 ./common/44binit.o
                0x0c003134                BDRAMTYPE
 *fill*         0x0c00313a        0x2 00
 .data          0x0c00313c        0xc ./common/44blib.o
                0x0c003140                mallocPt
                0x0c003144                run
 .data          0x0c003148        0x0 ./8led.o
 .data          0x0c003148        0x0 ./button.o
 .data          0x0c003148        0x0 ./led.o
 .data          0x0c003148        0x0 ./main.o
 .data          0x0c003148        0x0 ./patron_volteo_arm_arm.o
 .data          0x0c003148        0x0 ./patron_volteo_arm_c.o
 .data          0x0c003148        0x0 ./reversi8.o
 .data          0x0c003148        0x0 ./timer.o
 .data          0x0c003148        0x0 ./timer2.o
 .data          0x0c003148        0x0 c:/program files (x86)/eclipsearm/sourcery-g++-lite-arm-2011.03/bin/../lib/gcc/arm-none-eabi/4.5.2\libgcc.a(_divsi3.o)
 .data          0x0c003148        0x0 c:/program files (x86)/eclipsearm/sourcery-g++-lite-arm-2011.03/bin/../lib/gcc/arm-none-eabi/4.5.2\libgcc.a(_dvmd_tls.o)
 .data          0x0c003148        0x0 c:/program files (x86)/eclipsearm/sourcery-g++-lite-arm-2011.03/bin/../lib/gcc/arm-none-eabi/4.5.2/../../../../arm-none-eabi/lib\libc.a(lib_a-memset.o)

.rodata         0x0c003148       0xa0
 *(.rodata)
 .rodata        0x0c003148       0x44 ./8led.o
 *fill*         0x0c00318c        0x4 00
 .rodata        0x0c003190       0x58 ./reversi8.o
                0x0c003190                vSF
                0x0c003198                vSC
                0x0c0031e0                NO
                0x0c0031e1                SI
                0x0c0031e2                CASILLA_OCUPADA
                0x0c0031e8                Image_RW_Limit = .
                0x0c0031e8                . = ALIGN (0x4)
                0x0c0031e8                Image_ZI_Base = .

.bss            0x0c0031e8       0x68
 *(.bss)
 .bss           0x0c0031e8        0x0 ./common/44binit.o
 .bss           0x0c0031e8        0x4 ./common/44blib.o
                0x0c0031e8                restart
 .bss           0x0c0031ec        0x0 ./8led.o
 .bss           0x0c0031ec        0x4 ./button.o
 .bss           0x0c0031f0        0x4 ./led.o
 .bss           0x0c0031f4        0x0 ./main.o
 .bss           0x0c0031f4        0x0 ./patron_volteo_arm_arm.o
 .bss           0x0c0031f4        0x0 ./patron_volteo_arm_c.o
 *fill*         0x0c0031f4        0x4 00
 .bss           0x0c0031f8       0x48 ./reversi8.o
 .bss           0x0c003240        0x4 ./timer.o
                0x0c003240                switch_leds
 .bss           0x0c003244        0x4 ./timer2.o
                0x0c003244                timer2_num_int
 .bss           0x0c003248        0x0 c:/program files (x86)/eclipsearm/sourcery-g++-lite-arm-2011.03/bin/../lib/gcc/arm-none-eabi/4.5.2\libgcc.a(_divsi3.o)
 .bss           0x0c003248        0x0 c:/program files (x86)/eclipsearm/sourcery-g++-lite-arm-2011.03/bin/../lib/gcc/arm-none-eabi/4.5.2\libgcc.a(_dvmd_tls.o)
 .bss           0x0c003248        0x0 c:/program files (x86)/eclipsearm/sourcery-g++-lite-arm-2011.03/bin/../lib/gcc/arm-none-eabi/4.5.2/../../../../arm-none-eabi/lib\libc.a(lib_a-memset.o)
 COMMON         0x0c003248        0x8 ./common/44blib.o
                0x0c003248                fileSize
                0x0c00324c                downPt
 COMMON         0x0c003250        0x0 ./main.o
                0x0c003250                Image_ZI_Limit = .
                0x0c003250                __bss_start__ = .
                0x0c003250                __bss_end__ = .
                0x0c003250                __EH_FRAME_BEGIN__ = .
                0x0c003250                __EH_FRAME_END__ = .
                0x0c003250                PROVIDE (__stack, .)
                0x0c003250                end = .
                0x0c003250                _end = .

.ARM.attributes
                0x00000000       0x2e
 .ARM.attributes
                0x00000000       0x22 ./common/44binit.o
 .ARM.attributes
                0x00000022       0x32 ./common/44blib.o
 .ARM.attributes
                0x00000054       0x32 ./8led.o
 .ARM.attributes
                0x00000086       0x32 ./button.o
 .ARM.attributes
                0x000000b8       0x32 ./led.o
 .ARM.attributes
                0x000000ea       0x32 ./main.o
 .ARM.attributes
                0x0000011c       0x22 ./patron_volteo_arm_arm.o
 .ARM.attributes
                0x0000013e       0x22 ./patron_volteo_arm_c.o
 .ARM.attributes
                0x00000160       0x32 ./reversi8.o
 .ARM.attributes
                0x00000192       0x32 ./timer.o
 .ARM.attributes
                0x000001c4       0x32 ./timer2.o
 .ARM.attributes
                0x000001f6       0x1a c:/program files (x86)/eclipsearm/sourcery-g++-lite-arm-2011.03/bin/../lib/gcc/arm-none-eabi/4.5.2\libgcc.a(_divsi3.o)
 .ARM.attributes
                0x00000210       0x18 c:/program files (x86)/eclipsearm/sourcery-g++-lite-arm-2011.03/bin/../lib/gcc/arm-none-eabi/4.5.2\libgcc.a(_dvmd_tls.o)
 .ARM.attributes
                0x00000228       0x34 c:/program files (x86)/eclipsearm/sourcery-g++-lite-arm-2011.03/bin/../lib/gcc/arm-none-eabi/4.5.2/../../../../arm-none-eabi/lib\libc.a(lib_a-memset.o)

.comment        0x00000000       0x2a
 .comment       0x00000000       0x2a ./common/44blib.o
                                 0x2b (size before relaxing)
 .comment       0x00000000       0x2b ./8led.o
 .comment       0x00000000       0x2b ./button.o
 .comment       0x00000000       0x2b ./led.o
 .comment       0x00000000       0x2b ./main.o
 .comment       0x00000000       0x2b ./reversi8.o
 .comment       0x00000000       0x2b ./timer.o
 .comment       0x00000000       0x2b ./timer2.o

.debug_info     0x00000000     0x1910
 *(.debug_info)
 .debug_info    0x00000000       0x60 ./common/44binit.o
 .debug_info    0x00000060      0x28a ./common/44blib.o
 .debug_info    0x000002ea      0x10f ./8led.o
 .debug_info    0x000003f9       0x86 ./button.o
 .debug_info    0x0000047f      0x1b7 ./led.o
 .debug_info    0x00000636       0x9e ./main.o
 .debug_info    0x000006d4       0x67 ./patron_volteo_arm_arm.o
 .debug_info    0x0000073b       0x65 ./patron_volteo_arm_c.o
 .debug_info    0x000007a0      0xff7 ./reversi8.o
 .debug_info    0x00001797       0x79 ./timer.o
 .debug_info    0x00001810      0x100 ./timer2.o

.debug_line     0x00000000     0x1072
 *(.debug_line)
 .debug_line    0x00000000      0x10f ./common/44binit.o
 .debug_line    0x0000010f      0x40f ./common/44blib.o
 .debug_line    0x0000051e       0x8e ./8led.o
 .debug_line    0x000005ac       0xd1 ./button.o
 .debug_line    0x0000067d      0x13b ./led.o
 .debug_line    0x000007b8       0xe4 ./main.o
 .debug_line    0x0000089c       0x73 ./patron_volteo_arm_arm.o
 .debug_line    0x0000090f       0x6d ./patron_volteo_arm_c.o
 .debug_line    0x0000097c      0x584 ./reversi8.o
 .debug_line    0x00000f00       0xa8 ./timer.o
 .debug_line    0x00000fa8       0xca ./timer2.o

.debug_abbrev   0x00000000      0x93f
 *(.debug_abbrev)
 .debug_abbrev  0x00000000       0x14 ./common/44binit.o
 .debug_abbrev  0x00000014      0x1c2 ./common/44blib.o
 .debug_abbrev  0x000001d6       0xae ./8led.o
 .debug_abbrev  0x00000284       0x76 ./button.o
 .debug_abbrev  0x000002fa       0xab ./led.o
 .debug_abbrev  0x000003a5       0x9b ./main.o
 .debug_abbrev  0x00000440       0x14 ./patron_volteo_arm_arm.o
 .debug_abbrev  0x00000454       0x14 ./patron_volteo_arm_c.o
 .debug_abbrev  0x00000468      0x3a7 ./reversi8.o
 .debug_abbrev  0x0000080f       0x6d ./timer.o
 .debug_abbrev  0x0000087c       0xc3 ./timer2.o

.debug_frame    0x00000000      0x4f4
 *(.debug_frame)
 .debug_frame   0x00000000       0xa8 ./common/44blib.o
 .debug_frame   0x000000a8       0x30 ./8led.o
 .debug_frame   0x000000d8       0x4c ./button.o
 .debug_frame   0x00000124       0x90 ./led.o
 .debug_frame   0x000001b4       0x38 ./main.o
 .debug_frame   0x000001ec      0x210 ./reversi8.o
 .debug_frame   0x000003fc       0x40 ./timer.o
 .debug_frame   0x0000043c       0x70 ./timer2.o
 .debug_frame   0x000004ac       0x20 c:/program files (x86)/eclipsearm/sourcery-g++-lite-arm-2011.03/bin/../lib/gcc/arm-none-eabi/4.5.2\libgcc.a(_divsi3.o)
 .debug_frame   0x000004cc       0x28 c:/program files (x86)/eclipsearm/sourcery-g++-lite-arm-2011.03/bin/../lib/gcc/arm-none-eabi/4.5.2/../../../../arm-none-eabi/lib\libc.a(lib_a-memset.o)
OUTPUT(Placa.elf elf32-littlearm)

.debug_aranges  0x00000000      0x160
 .debug_aranges
                0x00000000       0x20 ./common/44binit.o
 .debug_aranges
                0x00000020       0x20 ./common/44blib.o
 .debug_aranges
                0x00000040       0x20 ./8led.o
 .debug_aranges
                0x00000060       0x20 ./button.o
 .debug_aranges
                0x00000080       0x20 ./led.o
 .debug_aranges
                0x000000a0       0x20 ./main.o
 .debug_aranges
                0x000000c0       0x20 ./patron_volteo_arm_arm.o
 .debug_aranges
                0x000000e0       0x20 ./patron_volteo_arm_c.o
 .debug_aranges
                0x00000100       0x20 ./reversi8.o
 .debug_aranges
                0x00000120       0x20 ./timer.o
 .debug_aranges
                0x00000140       0x20 ./timer2.o

.debug_macinfo  0x00000000    0x289f6
 .debug_macinfo
                0x00000000     0x8300 ./common/44blib.o
 .debug_macinfo
                0x00008300     0x50af ./8led.o
 .debug_macinfo
                0x0000d3af     0x5245 ./button.o
 .debug_macinfo
                0x000125f4     0x50ae ./led.o
 .debug_macinfo
                0x000176a2     0x50f9 ./main.o
 .debug_macinfo
                0x0001c79b     0x20fb ./reversi8.o
 .debug_macinfo
                0x0001e896     0x50b0 ./timer.o
 .debug_macinfo
                0x00023946     0x50b0 ./timer2.o

.debug_loc      0x00000000     0x1d41
 .debug_loc     0x00000000       0xf2 ./common/44blib.o
 .debug_loc     0x000000f2       0x4a ./button.o
 .debug_loc     0x0000013c       0x2c ./main.o
 .debug_loc     0x00000168     0x1b99 ./reversi8.o
 .debug_loc     0x00001d01       0x20 ./timer.o
 .debug_loc     0x00001d21       0x20 ./timer2.o

.debug_pubnames
                0x00000000      0x3a4
 .debug_pubnames
                0x00000000       0x90 ./common/44blib.o
 .debug_pubnames
                0x00000090       0x32 ./8led.o
 .debug_pubnames
                0x000000c2       0x35 ./button.o
 .debug_pubnames
                0x000000f7       0x7d ./led.o
 .debug_pubnames
                0x00000174       0x2b ./main.o
 .debug_pubnames
                0x0000019f      0x137 ./reversi8.o
 .debug_pubnames
                0x000002d6       0x3f ./timer.o
 .debug_pubnames
                0x00000315       0x8f ./timer2.o

.debug_pubtypes
                0x00000000       0x12
 .debug_pubtypes
                0x00000000       0x12 ./common/44blib.o

.debug_ranges   0x00000000      0x4a8
 .debug_ranges  0x00000000       0x70 ./common/44blib.o
 .debug_ranges  0x00000070       0xa0 ./led.o
 .debug_ranges  0x00000110      0x380 ./reversi8.o
 .debug_ranges  0x00000490       0x18 ./timer2.o

.debug_str      0x00000000      0x4fc
 .debug_str     0x00000000      0x11a ./common/44blib.o
                                0x158 (size before relaxing)
 .debug_str     0x0000011a       0x6c ./8led.o
                                 0xa6 (size before relaxing)
 .debug_str     0x00000186       0x3b ./button.o
                                 0x75 (size before relaxing)
 .debug_str     0x000001c1       0x68 ./led.o
                                 0x95 (size before relaxing)
 .debug_str     0x00000229       0x44 ./main.o
                                 0x7e (size before relaxing)
 .debug_str     0x0000026d      0x23d ./reversi8.o
                                0x2b1 (size before relaxing)
 .debug_str     0x000004aa       0x20 ./timer.o
                                 0x59 (size before relaxing)
 .debug_str     0x000004ca       0x32 ./timer2.o
                                 0xa7 (size before relaxing)
