Archive member included because of file (symbol)

c:/program files (x86)/eclipsearm/sourcery-g++-lite-arm-2011.03/bin/../lib/gcc/arm-none-eabi/4.5.2\libgcc.a(_divsi3.o)
                              ./44blib.o (__aeabi_idiv)
c:/program files (x86)/eclipsearm/sourcery-g++-lite-arm-2011.03/bin/../lib/gcc/arm-none-eabi/4.5.2\libgcc.a(_dvmd_tls.o)
                              c:/program files (x86)/eclipsearm/sourcery-g++-lite-arm-2011.03/bin/../lib/gcc/arm-none-eabi/4.5.2\libgcc.a(_divsi3.o) (__aeabi_idiv0)
c:/program files (x86)/eclipsearm/sourcery-g++-lite-arm-2011.03/bin/../lib/gcc/arm-none-eabi/4.5.2/../../../../arm-none-eabi/lib\libc.a(lib_a-memset.o)
                              ./reversi8.o (memset)

Allocating common symbols
Common symbol       size              file

fileSize            0x4               ./44blib.o
downPt              0x4               ./44blib.o

Memory Configuration

Name             Origin             Length             Attributes
*default*        0x00000000         0xffffffff

Linker script and memory map

LOAD ./44blib.o
LOAD ./init_b_2018.o
LOAD ./patron_volteo_arm_arm.o
LOAD ./patron_volteo_arm_c.o
LOAD ./reversi8.o
START GROUP
LOAD c:/program files (x86)/eclipsearm/sourcery-g++-lite-arm-2011.03/bin/../lib/gcc/arm-none-eabi/4.5.2\libgcc.a
LOAD c:/program files (x86)/eclipsearm/sourcery-g++-lite-arm-2011.03/bin/../lib/gcc/arm-none-eabi/4.5.2/../../../../arm-none-eabi/lib\libc.a
END GROUP
                0x0c000000                . = 0xc000000
                0x0c000000                Image_RO_Base = .

.text           0x0c000000     0x27e0
 *(.text)
 .text          0x0c000000      0x46c ./44blib.o
                0x0c000000                Delay
                0x0c000138                DelayMs
                0x0c00019c                Port_Init
                0x0c00032c                malloc
                0x0c0003cc                free
                0x0c0003fc                sys_init
 .text          0x0c00046c       0x1c ./init_b_2018.o
                0x0c00046c                start
 .text          0x0c000488       0x98 ./patron_volteo_arm_arm.o
                0x0c000488                patron_volteo_arm_arm
 .text          0x0c000520       0x80 ./patron_volteo_arm_c.o
                0x0c000524                patron_volteo_arm_c
 .text          0x0c0005a0     0x1ff4 ./reversi8.o
                0x0c0005a0                init_table
                0x0c0007b4                esperar_mov
                0x0c0007f4                autoasignar
                0x0c00081c                ficha_valida
                0x0c0008d0                patron_volteo
                0x0c0009e4                voltear
                0x0c000a74                patron_volteo_test
                0x0c000b68                actualizar_tablero
                0x0c000c60                elegir_mov
                0x0c000e78                contar
                0x0c000f74                actualizar_candidatas
                0x0c0012cc                reversi8_test
                0x0c001cf4                reversi8
                0x0c002460                comprobar_tableros
                0x0c00252c                comprobar_patrones
 .text          0x0c002594      0x148 c:/program files (x86)/eclipsearm/sourcery-g++-lite-arm-2011.03/bin/../lib/gcc/arm-none-eabi/4.5.2\libgcc.a(_divsi3.o)
                0x0c002594                __divsi3
                0x0c002594                __aeabi_idiv
                0x0c0026bc                __aeabi_idivmod
 .text          0x0c0026dc        0x4 c:/program files (x86)/eclipsearm/sourcery-g++-lite-arm-2011.03/bin/../lib/gcc/arm-none-eabi/4.5.2\libgcc.a(_dvmd_tls.o)
                0x0c0026dc                __aeabi_idiv0
                0x0c0026dc                __aeabi_ldiv0
 .text          0x0c0026e0      0x100 c:/program files (x86)/eclipsearm/sourcery-g++-lite-arm-2011.03/bin/../lib/gcc/arm-none-eabi/4.5.2/../../../../arm-none-eabi/lib\libc.a(lib_a-memset.o)
                0x0c0026e0                memset

.glue_7         0x0c0027e0        0x0
 .glue_7        0x00000000        0x0 linker stubs

.glue_7t        0x0c0027e0        0x0
 .glue_7t       0x00000000        0x0 linker stubs

.vfp11_veneer   0x0c0027e0        0x0
 .vfp11_veneer  0x00000000        0x0 linker stubs

.v4_bx          0x0c0027e0        0x0
 .v4_bx         0x00000000        0x0 linker stubs
                0x0c0027e0                . = ALIGN (0x4)
                0x0c0027e0                Image_RO_Limit = .
                0x0c0027e0                Image_RW_Base = .

.data           0x0c0027e0        0xc
 *(.data)
 .data          0x0c0027e0        0xc ./44blib.o
                0x0c0027e0                mallocPt
                0x0c0027e4                run
 .data          0x0c0027ec        0x0 ./init_b_2018.o
 .data          0x0c0027ec        0x0 ./patron_volteo_arm_arm.o
 .data          0x0c0027ec        0x0 ./patron_volteo_arm_c.o
 .data          0x0c0027ec        0x0 ./reversi8.o
 .data          0x0c0027ec        0x0 c:/program files (x86)/eclipsearm/sourcery-g++-lite-arm-2011.03/bin/../lib/gcc/arm-none-eabi/4.5.2\libgcc.a(_divsi3.o)
 .data          0x0c0027ec        0x0 c:/program files (x86)/eclipsearm/sourcery-g++-lite-arm-2011.03/bin/../lib/gcc/arm-none-eabi/4.5.2\libgcc.a(_dvmd_tls.o)
 .data          0x0c0027ec        0x0 c:/program files (x86)/eclipsearm/sourcery-g++-lite-arm-2011.03/bin/../lib/gcc/arm-none-eabi/4.5.2/../../../../arm-none-eabi/lib\libc.a(lib_a-memset.o)

.rodata         0x0c0027f0       0x68
 *(.rodata)
 .rodata        0x0c0027f0       0x68 ./reversi8.o
                0x0c0027f0                NO
                0x0c0027f1                SI
                0x0c0027f2                CASILLA_OCUPADA
                0x0c002838                vSF
                0x0c002840                vSC
                0x0c002858                Image_RW_Limit = .
                0x0c002858                . = ALIGN (0x4)
                0x0c002858                Image_ZI_Base = .

.bss            0x0c002858       0x58
 *(.bss)
 .bss           0x0c002858        0x4 ./44blib.o
                0x0c002858                restart
 .bss           0x0c00285c        0x0 ./init_b_2018.o
 .bss           0x0c00285c        0x0 ./patron_volteo_arm_arm.o
 .bss           0x0c00285c        0x0 ./patron_volteo_arm_c.o
 *fill*         0x0c00285c        0x4 00
 .bss           0x0c002860       0x48 ./reversi8.o
 .bss           0x0c0028a8        0x0 c:/program files (x86)/eclipsearm/sourcery-g++-lite-arm-2011.03/bin/../lib/gcc/arm-none-eabi/4.5.2\libgcc.a(_divsi3.o)
 .bss           0x0c0028a8        0x0 c:/program files (x86)/eclipsearm/sourcery-g++-lite-arm-2011.03/bin/../lib/gcc/arm-none-eabi/4.5.2\libgcc.a(_dvmd_tls.o)
 .bss           0x0c0028a8        0x0 c:/program files (x86)/eclipsearm/sourcery-g++-lite-arm-2011.03/bin/../lib/gcc/arm-none-eabi/4.5.2/../../../../arm-none-eabi/lib\libc.a(lib_a-memset.o)
 COMMON         0x0c0028a8        0x8 ./44blib.o
                0x0c0028a8                fileSize
                0x0c0028ac                downPt
                0x0c0028b0                Image_ZI_Limit = .
                0x0c0028b0                __bss_start__ = .
                0x0c0028b0                __bss_end__ = .
                0x0c0028b0                __EH_FRAME_BEGIN__ = .
                0x0c0028b0                __EH_FRAME_END__ = .
                0x0c0028b0                PROVIDE (__stack, .)
                0x0c0028b0                end = .
                0x0c0028b0                _end = .

.comment        0x00000000       0x2a
 .comment       0x00000000       0x2a ./44blib.o
                                 0x2b (size before relaxing)
 .comment       0x00000000       0x2b ./reversi8.o

.ARM.attributes
                0x00000000       0x30
 .ARM.attributes
                0x00000000       0x32 ./44blib.o
 .ARM.attributes
                0x00000032       0x22 ./init_b_2018.o
 .ARM.attributes
                0x00000054       0x22 ./patron_volteo_arm_arm.o
 .ARM.attributes
                0x00000076       0x22 ./patron_volteo_arm_c.o
 .ARM.attributes
                0x00000098       0x32 ./reversi8.o
 .ARM.attributes
                0x000000ca       0x1a c:/program files (x86)/eclipsearm/sourcery-g++-lite-arm-2011.03/bin/../lib/gcc/arm-none-eabi/4.5.2\libgcc.a(_divsi3.o)
 .ARM.attributes
                0x000000e4       0x18 c:/program files (x86)/eclipsearm/sourcery-g++-lite-arm-2011.03/bin/../lib/gcc/arm-none-eabi/4.5.2\libgcc.a(_dvmd_tls.o)
 .ARM.attributes
                0x000000fc       0x34 c:/program files (x86)/eclipsearm/sourcery-g++-lite-arm-2011.03/bin/../lib/gcc/arm-none-eabi/4.5.2/../../../../arm-none-eabi/lib\libc.a(lib_a-memset.o)

.debug_info     0x00000000      0xcec
 *(.debug_info)
 .debug_info    0x00000000      0x229 ./44blib.o
 .debug_info    0x00000229       0x61 ./init_b_2018.o
 .debug_info    0x0000028a       0x6b ./patron_volteo_arm_arm.o
 .debug_info    0x000002f5       0x69 ./patron_volteo_arm_c.o
 .debug_info    0x0000035e      0x98e ./reversi8.o

.debug_line     0x00000000      0x847
 *(.debug_line)
 .debug_line    0x00000000      0x3c4 ./44blib.o
 .debug_line    0x000003c4       0x47 ./init_b_2018.o
 .debug_line    0x0000040b       0x73 ./patron_volteo_arm_arm.o
 .debug_line    0x0000047e       0x69 ./patron_volteo_arm_c.o
 .debug_line    0x000004e7      0x360 ./reversi8.o

.debug_abbrev   0x00000000      0x352
 *(.debug_abbrev)
 .debug_abbrev  0x00000000      0x11f ./44blib.o
 .debug_abbrev  0x0000011f       0x14 ./init_b_2018.o
 .debug_abbrev  0x00000133       0x14 ./patron_volteo_arm_arm.o
 .debug_abbrev  0x00000147       0x14 ./patron_volteo_arm_c.o
 .debug_abbrev  0x0000015b      0x1f7 ./reversi8.o

.debug_frame    0x00000000      0x338
 *(.debug_frame)
 .debug_frame   0x00000000       0xd0 ./44blib.o
 .debug_frame   0x000000d0      0x220 ./reversi8.o
 .debug_frame   0x000002f0       0x20 c:/program files (x86)/eclipsearm/sourcery-g++-lite-arm-2011.03/bin/../lib/gcc/arm-none-eabi/4.5.2\libgcc.a(_divsi3.o)
 .debug_frame   0x00000310       0x28 c:/program files (x86)/eclipsearm/sourcery-g++-lite-arm-2011.03/bin/../lib/gcc/arm-none-eabi/4.5.2/../../../../arm-none-eabi/lib\libc.a(lib_a-memset.o)
OUTPUT(emulacion.elf elf32-littlearm)

.debug_macinfo  0x00000000     0xacd3
 .debug_macinfo
                0x00000000     0x8301 ./44blib.o
 .debug_macinfo
                0x00008301     0x29d2 ./reversi8.o

.debug_loc      0x00000000      0x39c
 .debug_loc     0x00000000      0x108 ./44blib.o
 .debug_loc     0x00000108      0x294 ./reversi8.o

.debug_pubnames
                0x00000000      0x1e1
 .debug_pubnames
                0x00000000       0x90 ./44blib.o
 .debug_pubnames
                0x00000090      0x151 ./reversi8.o

.debug_pubtypes
                0x00000000       0x3b
 .debug_pubtypes
                0x00000000       0x12 ./44blib.o
 .debug_pubtypes
                0x00000012       0x29 ./reversi8.o

.debug_aranges  0x00000000       0xa0
 .debug_aranges
                0x00000000       0x20 ./44blib.o
 .debug_aranges
                0x00000020       0x20 ./init_b_2018.o
 .debug_aranges
                0x00000040       0x20 ./patron_volteo_arm_arm.o
 .debug_aranges
                0x00000060       0x20 ./patron_volteo_arm_c.o
 .debug_aranges
                0x00000080       0x20 ./reversi8.o

.debug_str      0x00000000      0x3be
 .debug_str     0x00000000      0x117 ./44blib.o
                                0x155 (size before relaxing)
 .debug_str     0x00000117      0x2a7 ./reversi8.o
                                0x385 (size before relaxing)
