   1              	# 1 "../init_b_2018.asm"
   1              	.text
   0              	
   0              	
   0              	
   2              	#        ENTRY            		/*  mark the first instruction to call */
   3              	.global	start
   4              	start:
   5              	.arm /*indicates that we are using the ARM instruction set */
   6              	#------standard initial code
   7              	# --- Setup interrupt / exception vectors 
   8 0000 FFFFFFEA 	       B       Reset_Handler
   9              	/* In this version we do not use the following handlers */
  10              	###################################################################################################
  11              	#-----------Undefined_Handler: 
  12              	#      B       Undefined_Handler 
  13              	#----------SWI_Handler: 
  14              	#      B       SWI_Handler 
  15              	#----------Prefetch_Handler: 
  16              	#      B       Prefetch_Handler 
  17              	#----------Abort_Handler: 
  18              	#      B       Abort_Handler 
  19              	#         NOP      /* Reserved vector */ 
  20              	#----------IRQ_Handler: 
  21              	#      B       IRQ_Handler 
  22              	#----------FIQ_Handler: 
  23              	#      B       FIQ_Handler 
  24              	###################################################################################################
  25              	# Reset Handler:
  26              	# the processor starts executing this code after system reset       
  27              	###################################################################################################
  28              	Reset_Handler:  
  29              	#        
  30 0004 01D9A0E3 	        MOV     sp, #0x4000      /*  set up stack pointer (r13) */ 
  31              	
  32              	.extern     reversi8
  33 0008 08509FE5 	        ldr         r5, = reversi8
  34 000c 0FE0A0E1 	        mov         lr, pc 
  35 0010 15FF2FE1 	        bx          r5 
  36              	
  37              	
  38              	stop: 	
  39 0014 FEFFFFEA 	 		B     	stop    	/*  end of program */
  40              	
  41              	###################################################################################################
  42              	.data
  43              	
  44              	
  45              	
  46              	.end
DEFINED SYMBOLS
  ../init_b_2018.asm:4      .text:00000000 start
  ../init_b_2018.asm:28     .text:00000004 Reset_Handler
  ../init_b_2018.asm:8      .text:00000000 $a
  ../init_b_2018.asm:38     .text:00000014 stop
  ../init_b_2018.asm:42     .text:00000018 $d
                   .debug_aranges:0000000c $d

UNDEFINED SYMBOLS
reversi8
